exports[`test should render a li 1`] = `
<li>
  <h3>
    Stop 1
  </h3>
  <div>
    <Link
      onlyActiveOnIndex={false}
      style={Object {}}
      to="/stops/123">
      <em>
        Id: 
        123
      </em>
    </Link>
  </div>
  <div>
    Servicing routes: 
    10, 20, 30
  </div>
  <div>
    Distance: 
    1001.12
     meters
  </div>
</li>
`;
